Microsoft Windows [Version 10.0.19045.2130]
(c) Microsoft Corporation. All rights reserved.

C:\Program Files\MySQL\MySQL Server 8.0\bin>mysql -u root -p
Enter password:
Welcome to the MySQL monitor.  Commands end with ; or \g.
Your MySQL connection id is 15
Server version: 8.0.37 MySQL Community Server - GPL

Copyright (c) 2000, 2024, Oracle and/or its affiliates.

Oracle is a registered trademark of Oracle Corporation and/or its
affiliates. Other names may be trademarks of their respective
owners.

Type 'help;' or '\h' for help. Type '\c' to clear the current input statement.

mysql> show databases;
+--------------------+
| Database           |
+--------------------+
| employee           |
| info               |
| information_schema |
| mysql              |
| performance_schema |
| sys                |
+--------------------+
6 rows in set (0.00 sec)

mysql> use info;
Database changed
mysql> show tables;
+----------------+
| Tables_in_info |
+----------------+
| dept           |
| emp            |
| student        |
+----------------+
3 rows in set (0.00 sec)

mysql> select* from dept;
+--------+------------+----------+
| deptno | dname      | loc      |
+--------+------------+----------+
|     10 | ACCOUNTING | NEW YORK |
|     20 | RESEARCH   | DALLAS   |
|     30 | SALES      | CHICAGO  |
|     40 | OPERATIONS | BOSTON   |
+--------+------------+----------+
4 rows in set (0.04 sec)

mysql> select* from student;
+------+------------+-----------+-----------+--------+
| S_id | first_name | last_name | Course_id | Course |
+------+------------+-----------+-----------+--------+
| 3453 | Abdul      | A         |         1 | IT     |
| 7896 | Waheed     | b         |         5 | BCA    |
+------+------------+-----------+-----------+--------+
2 rows in set (0.00 sec)

mysql> select* from emp;
+-------+--------+-----------+------+------------+---------+---------+--------+
| empno | ename  | job       | mgr  | hiredate   | sal     | comm    | deptno |
+-------+--------+-----------+------+------------+---------+---------+--------+
|  7369 | SMITH  | CLERK     | 7902 | 1980-12-17 |  800.00 |    NULL |     20 |
|  7499 | ALLEN  | SALESMAN  | 7698 | 1981-02-20 | 1600.00 |  300.00 |     30 |
|  7521 | WARD   | SALESMAN  | 7698 | 1981-02-22 | 1250.00 |  500.00 |     30 |
|  7566 | JONES  | MANAGER   | 7839 | 1981-04-02 | 2975.00 |    NULL |     20 |
|  7654 | MARTIN | SALESMAN  | 7698 | 1981-09-28 | 1250.00 | 1400.00 |     30 |
|  7698 | BLAKE  | MANAGER   | 7839 | 1981-05-01 | 2850.00 |    NULL |     30 |
|  7782 | CLARK  | MANAGER   | 7839 | 1981-06-09 | 2450.00 |    NULL |     10 |
|  7788 | SCOTT  | ANALYST   | 7566 | 1982-12-09 | 3000.00 |    NULL |     20 |
|  7839 | KING   | PRESIDENT | NULL | 1981-11-17 | 5000.00 |    NULL |     10 |
|  7844 | TURNER | SALESMAN  | 7698 | 1981-09-08 | 1500.00 |    0.00 |     30 |
|  7876 | ADAMS  | CLERK     | 7788 | 1983-01-12 | 1100.00 |    NULL |     20 |
|  7900 | JAMES  | CLERK     | 7698 | 1981-12-03 |  950.00 |    NULL |     30 |
|  7902 | FORD   | ANALYST   | 7566 | 1981-12-03 | 3000.00 |    NULL |     20 |
|  7934 | MILLER | CLERK     | 7782 | 1982-01-23 | 1300.00 |    NULL |     10 |
+-------+--------+-----------+------+------------+---------+---------+--------+
14 rows in set (0.00 sec)

mysql> select* from emp
    -> where ename=SMITH;
ERROR 1054 (42S22): Unknown column 'SMITH' in 'where clause'
mysql> select* from emp
    -> where ename='SMITH';
+-------+-------+-------+------+------------+--------+------+--------+
| empno | ename | job   | mgr  | hiredate   | sal    | comm | deptno |
+-------+-------+-------+------+------------+--------+------+--------+
|  7369 | SMITH | CLERK | 7902 | 1980-12-17 | 800.00 | NULL |     20 |
+-------+-------+-------+------+------------+--------+------+--------+
1 row in set (0.00 sec)

mysql> select ename,job,sal
    -> from emp;
+--------+-----------+---------+
| ename  | job       | sal     |
+--------+-----------+---------+
| SMITH  | CLERK     |  800.00 |
| ALLEN  | SALESMAN  | 1600.00 |
| WARD   | SALESMAN  | 1250.00 |
| JONES  | MANAGER   | 2975.00 |
| MARTIN | SALESMAN  | 1250.00 |
| BLAKE  | MANAGER   | 2850.00 |
| CLARK  | MANAGER   | 2450.00 |
| SCOTT  | ANALYST   | 3000.00 |
| KING   | PRESIDENT | 5000.00 |
| TURNER | SALESMAN  | 1500.00 |
| ADAMS  | CLERK     | 1100.00 |
| JAMES  | CLERK     |  950.00 |
| FORD   | ANALYST   | 3000.00 |
| MILLER | CLERK     | 1300.00 |
+--------+-----------+---------+
14 rows in set (0.00 sec)

mysql> select* from emp
    -> order by sal asc;
+-------+--------+-----------+------+------------+---------+---------+--------+
| empno | ename  | job       | mgr  | hiredate   | sal     | comm    | deptno |
+-------+--------+-----------+------+------------+---------+---------+--------+
|  7369 | SMITH  | CLERK     | 7902 | 1980-12-17 |  800.00 |    NULL |     20 |
|  7900 | JAMES  | CLERK     | 7698 | 1981-12-03 |  950.00 |    NULL |     30 |
|  7876 | ADAMS  | CLERK     | 7788 | 1983-01-12 | 1100.00 |    NULL |     20 |
|  7521 | WARD   | SALESMAN  | 7698 | 1981-02-22 | 1250.00 |  500.00 |     30 |
|  7654 | MARTIN | SALESMAN  | 7698 | 1981-09-28 | 1250.00 | 1400.00 |     30 |
|  7934 | MILLER | CLERK     | 7782 | 1982-01-23 | 1300.00 |    NULL |     10 |
|  7844 | TURNER | SALESMAN  | 7698 | 1981-09-08 | 1500.00 |    0.00 |     30 |
|  7499 | ALLEN  | SALESMAN  | 7698 | 1981-02-20 | 1600.00 |  300.00 |     30 |
|  7782 | CLARK  | MANAGER   | 7839 | 1981-06-09 | 2450.00 |    NULL |     10 |
|  7698 | BLAKE  | MANAGER   | 7839 | 1981-05-01 | 2850.00 |    NULL |     30 |
|  7566 | JONES  | MANAGER   | 7839 | 1981-04-02 | 2975.00 |    NULL |     20 |
|  7788 | SCOTT  | ANALYST   | 7566 | 1982-12-09 | 3000.00 |    NULL |     20 |
|  7902 | FORD   | ANALYST   | 7566 | 1981-12-03 | 3000.00 |    NULL |     20 |
|  7839 | KING   | PRESIDENT | NULL | 1981-11-17 | 5000.00 |    NULL |     10 |
+-------+--------+-----------+------+------------+---------+---------+--------+
14 rows in set (0.00 sec)

mysql> select* from emp
    -> where sal>1000;
+-------+--------+-----------+------+------------+---------+---------+--------+
| empno | ename  | job       | mgr  | hiredate   | sal     | comm    | deptno |
+-------+--------+-----------+------+------------+---------+---------+--------+
|  7499 | ALLEN  | SALESMAN  | 7698 | 1981-02-20 | 1600.00 |  300.00 |     30 |
|  7521 | WARD   | SALESMAN  | 7698 | 1981-02-22 | 1250.00 |  500.00 |     30 |
|  7566 | JONES  | MANAGER   | 7839 | 1981-04-02 | 2975.00 |    NULL |     20 |
|  7654 | MARTIN | SALESMAN  | 7698 | 1981-09-28 | 1250.00 | 1400.00 |     30 |
|  7698 | BLAKE  | MANAGER   | 7839 | 1981-05-01 | 2850.00 |    NULL |     30 |
|  7782 | CLARK  | MANAGER   | 7839 | 1981-06-09 | 2450.00 |    NULL |     10 |
|  7788 | SCOTT  | ANALYST   | 7566 | 1982-12-09 | 3000.00 |    NULL |     20 |
|  7839 | KING   | PRESIDENT | NULL | 1981-11-17 | 5000.00 |    NULL |     10 |
|  7844 | TURNER | SALESMAN  | 7698 | 1981-09-08 | 1500.00 |    0.00 |     30 |
|  7876 | ADAMS  | CLERK     | 7788 | 1983-01-12 | 1100.00 |    NULL |     20 |
|  7902 | FORD   | ANALYST   | 7566 | 1981-12-03 | 3000.00 |    NULL |     20 |
|  7934 | MILLER | CLERK     | 7782 | 1982-01-23 | 1300.00 |    NULL |     10 |
+-------+--------+-----------+------+------------+---------+---------+--------+
12 rows in set (0.04 sec)

mysql> select* from emp
    -> where sal>2000;
+-------+-------+-----------+------+------------+---------+------+--------+
| empno | ename | job       | mgr  | hiredate   | sal     | comm | deptno |
+-------+-------+-----------+------+------------+---------+------+--------+
|  7566 | JONES | MANAGER   | 7839 | 1981-04-02 | 2975.00 | NULL |     20 |
|  7698 | BLAKE | MANAGER   | 7839 | 1981-05-01 | 2850.00 | NULL |     30 |
|  7782 | CLARK | MANAGER   | 7839 | 1981-06-09 | 2450.00 | NULL |     10 |
|  7788 | SCOTT | ANALYST   | 7566 | 1982-12-09 | 3000.00 | NULL |     20 |
|  7839 | KING  | PRESIDENT | NULL | 1981-11-17 | 5000.00 | NULL |     10 |
|  7902 | FORD  | ANALYST   | 7566 | 1981-12-03 | 3000.00 | NULL |     20 |
+-------+-------+-----------+------+------------+---------+------+--------+
6 rows in set (0.00 sec)

mysql> select ename,sal
    -> where ;
ERROR 1064 (42000): You have an error in your SQL syntax; check the manual that corresponds to your MySQL server version for the right syntax to use near '' at line 2
mysql> select ename,sal,sal*12
    -> from emp
    -> where sal>12000;
Empty set (0.05 sec)

mysql> select ename,sal,sal*12
    -> from emp
    -> where sal*12>=12000;
+--------+---------+----------+
| ename  | sal     | sal*12   |
+--------+---------+----------+
| ALLEN  | 1600.00 | 19200.00 |
| WARD   | 1250.00 | 15000.00 |
| JONES  | 2975.00 | 35700.00 |
| MARTIN | 1250.00 | 15000.00 |
| BLAKE  | 2850.00 | 34200.00 |
| CLARK  | 2450.00 | 29400.00 |
| SCOTT  | 3000.00 | 36000.00 |
| KING   | 5000.00 | 60000.00 |
| TURNER | 1500.00 | 18000.00 |
| ADAMS  | 1100.00 | 13200.00 |
| FORD   | 3000.00 | 36000.00 |
| MILLER | 1300.00 | 15600.00 |
+--------+---------+----------+
12 rows in set (0.00 sec)

mysql> select ename,sal,sal*12 as Annual_salary from emp
    -> where sal*12>=12000;
+--------+---------+---------------+
| ename  | sal     | Annual_salary |
+--------+---------+---------------+
| ALLEN  | 1600.00 |      19200.00 |
| WARD   | 1250.00 |      15000.00 |
| JONES  | 2975.00 |      35700.00 |
| MARTIN | 1250.00 |      15000.00 |
| BLAKE  | 2850.00 |      34200.00 |
| CLARK  | 2450.00 |      29400.00 |
| SCOTT  | 3000.00 |      36000.00 |
| KING   | 5000.00 |      60000.00 |
| TURNER | 1500.00 |      18000.00 |
| ADAMS  | 1100.00 |      13200.00 |
| FORD   | 3000.00 |      36000.00 |
| MILLER | 1300.00 |      15600.00 |
+--------+---------+---------------+
12 rows in set (0.00 sec)

mysql> select ename from emp
    -> where job='clerk';
+--------+
| ename  |
+--------+
| SMITH  |
| ADAMS  |
| JAMES  |
| MILLER |
+--------+
4 rows in set (0.00 sec)

mysql> select*from emp
    -> where job='Analyst" and deptno=30;
    '>
    '> ;
    '> :^C
mysql> select*from emp
    -> where job ='clerk' and sal<1500;
+-------+--------+-------+------+------------+---------+------+--------+
| empno | ename  | job   | mgr  | hiredate   | sal     | comm | deptno |
+-------+--------+-------+------+------------+---------+------+--------+
|  7369 | SMITH  | CLERK | 7902 | 1980-12-17 |  800.00 | NULL |     20 |
|  7876 | ADAMS  | CLERK | 7788 | 1983-01-12 | 1100.00 | NULL |     20 |
|  7900 | JAMES  | CLERK | 7698 | 1981-12-03 |  950.00 | NULL |     30 |
|  7934 | MILLER | CLERK | 7782 | 1982-01-23 | 1300.00 | NULL |     10 |
+-------+--------+-------+------+------------+---------+------+--------+
4 rows in set (0.00 sec)

mysql> select*from emp
    -> where ename like '%a';
Empty set (0.03 sec)

mysql> select*from emp
    -> where ename like '%A';
Empty set (0.00 sec)

mysql> select*from emp
    -> where ename like 'A';
Empty set (0.00 sec)

mysql>
mysql> select*from emp
    -> where ename like 'A%';
+-------+-------+----------+------+------------+---------+--------+--------+
| empno | ename | job      | mgr  | hiredate   | sal     | comm   | deptno |
+-------+-------+----------+------+------------+---------+--------+--------+
|  7499 | ALLEN | SALESMAN | 7698 | 1981-02-20 | 1600.00 | 300.00 |     30 |
|  7876 | ADAMS | CLERK    | 7788 | 1983-01-12 | 1100.00 |   NULL |     20 |
+-------+-------+----------+------+------------+---------+--------+--------+
2 rows in set (0.00 sec)

mysql> select*from emp
    -> where ename like 'A%E';
Empty set (0.00 sec)

mysql> select*from emp
    -> where ename like '%E';
+-------+-------+---------+------+------------+---------+------+--------+
| empno | ename | job     | mgr  | hiredate   | sal     | comm | deptno |
+-------+-------+---------+------+------------+---------+------+--------+
|  7698 | BLAKE | MANAGER | 7839 | 1981-05-01 | 2850.00 | NULL |     30 |
+-------+-------+---------+------+------------+---------+------+--------+
1 row in set (0.00 sec)

mysql> select*from emp
    -> where ename like 'A___E';
Empty set (0.00 sec)

mysql> select*from emp
    -> where ename like 'A_E';
Empty set (0.00 sec)

mysql> select*from emp
    -> where ename like 'A___N';
+-------+-------+----------+------+------------+---------+--------+--------+
| empno | ename | job      | mgr  | hiredate   | sal     | comm   | deptno |
+-------+-------+----------+------+------------+---------+--------+--------+
|  7499 | ALLEN | SALESMAN | 7698 | 1981-02-20 | 1600.00 | 300.00 |     30 |
+-------+-------+----------+------+------------+---------+--------+--------+
1 row in set (0.00 sec)

mysql> select*from emp
    -> where sal like '_____';
Empty set (0.00 sec)

mysql> select ename,sal from emp
    -> where sal like '_____';
Empty set (0.00 sec)

mysql> select ename,sal from emp
    -> where sal like '____';
Empty set (0.00 sec)

mysql> select ename,sal from emp
    -> where sal like '___';
Empty set (0.00 sec)

mysql> select ename,sal from emp
    -> where sal like '______';
+-------+--------+
| ename | sal    |
+-------+--------+
| SMITH | 800.00 |
| JAMES | 950.00 |
+-------+--------+
2 rows in set (0.00 sec)

mysql> select ename,sal from emp
    -> where sal like '_______';
+--------+---------+
| ename  | sal     |
+--------+---------+
| ALLEN  | 1600.00 |
| WARD   | 1250.00 |
| JONES  | 2975.00 |
| MARTIN | 1250.00 |
| BLAKE  | 2850.00 |
| CLARK  | 2450.00 |
| SCOTT  | 3000.00 |
| KING   | 5000.00 |
| TURNER | 1500.00 |
| ADAMS  | 1100.00 |
| FORD   | 3000.00 |
| MILLER | 1300.00 |
+--------+---------+
12 rows in set (0.00 sec)

mysql> select ename,sal from emp
    -> where sal between 1000 and 2000;
+--------+---------+
| ename  | sal     |
+--------+---------+
| ALLEN  | 1600.00 |
| WARD   | 1250.00 |
| MARTIN | 1250.00 |
| TURNER | 1500.00 |
| ADAMS  | 1100.00 |
| MILLER | 1300.00 |
+--------+---------+
6 rows in set (0.00 sec)

mysql> select ename from emp
    -> where deptno=20 or deptno=30;
+--------+
| ename  |
+--------+
| SMITH  |
| ALLEN  |
| WARD   |
| JONES  |
| MARTIN |
| BLAKE  |
| SCOTT  |
| TURNER |
| ADAMS  |
| JAMES  |
| FORD   |
+--------+
11 rows in set (0.00 sec)

mysql> select ename from emp
    -> where deptno in(10,20,30,40);
+--------+
| ename  |
+--------+
| SMITH  |
| ALLEN  |
| WARD   |
| JONES  |
| MARTIN |
| BLAKE  |
| CLARK  |
| SCOTT  |
| KING   |
| TURNER |
| ADAMS  |
| JAMES  |
| FORD   |
| MILLER |
+--------+
14 rows in set (0.03 sec)

mysql> select ename from emp
    -> where deptno not in(20,30,40);
+--------+
| ename  |
+--------+
| CLARK  |
| KING   |
| MILLER |
+--------+
3 rows in set (0.00 sec)

mysql> select ename from emp
    -> where deptno in(10,30);
+--------+
| ename  |
+--------+
| ALLEN  |
| WARD   |
| MARTIN |
| BLAKE  |
| CLARK  |
| KING   |
| TURNER |
| JAMES  |
| MILLER |
+--------+
9 rows in set (0.00 sec)

mysql> select* from emp
    -> where not in(ANALYST,MANAGER);
ERROR 1064 (42000): You have an error in your SQL syntax; check the manual that corresponds to your MySQL server version for the right syntax to use near 'in(ANALYST,MANAGER)' at line 2
mysql> where not in('ANALYST','MANAGER');
ERROR 1064 (42000): You have an error in your SQL syntax; check the manual that corresponds to your MySQL server version for the right syntax to use near 'where not in('ANALYST','MANAGER')' at line 1
mysql> select* from emp
    -> where not in('ANALYST','MANAGER');
ERROR 1064 (42000): You have an error in your SQL syntax; check the manual that corresponds to your MySQL server version for the right syntax to use near 'in('ANALYST','MANAGER')' at line 2
mysql> select* from emp
    -> where dept not in('ANALYST','MANAGER');
ERROR 1054 (42S22): Unknown column 'dept' in 'where clause'
mysql> select* from emp
    -> where job not in('ANALYST','MANAGER');
+-------+--------+-----------+------+------------+---------+---------+--------+
| empno | ename  | job       | mgr  | hiredate   | sal     | comm    | deptno |
+-------+--------+-----------+------+------------+---------+---------+--------+
|  7369 | SMITH  | CLERK     | 7902 | 1980-12-17 |  800.00 |    NULL |     20 |
|  7499 | ALLEN  | SALESMAN  | 7698 | 1981-02-20 | 1600.00 |  300.00 |     30 |
|  7521 | WARD   | SALESMAN  | 7698 | 1981-02-22 | 1250.00 |  500.00 |     30 |
|  7654 | MARTIN | SALESMAN  | 7698 | 1981-09-28 | 1250.00 | 1400.00 |     30 |
|  7839 | KING   | PRESIDENT | NULL | 1981-11-17 | 5000.00 |    NULL |     10 |
|  7844 | TURNER | SALESMAN  | 7698 | 1981-09-08 | 1500.00 |    0.00 |     30 |
|  7876 | ADAMS  | CLERK     | 7788 | 1983-01-12 | 1100.00 |    NULL |     20 |
|  7900 | JAMES  | CLERK     | 7698 | 1981-12-03 |  950.00 |    NULL |     30 |
|  7934 | MILLER | CLERK     | 7782 | 1982-01-23 | 1300.00 |    NULL |     10 |
+-------+--------+-----------+------+------------+---------+---------+--------+
9 rows in set (0.00 sec)

mysql> select* sal*12 as Annual_salary from emp
    -> where job not in('ANALYST','MANAGER');
ERROR 1064 (42000): You have an error in your SQL syntax; check the manual that corresponds to your MySQL server version for the right syntax to use near 'sal*12 as Annual_salary from emp
where job not in('ANALYST','MANAGER')' at line 1
mysql> select* from emp
    -> ;
+-------+--------+-----------+------+------------+---------+---------+--------+
| empno | ename  | job       | mgr  | hiredate   | sal     | comm    | deptno |
+-------+--------+-----------+------+------------+---------+---------+--------+
|  7369 | SMITH  | CLERK     | 7902 | 1980-12-17 |  800.00 |    NULL |     20 |
|  7499 | ALLEN  | SALESMAN  | 7698 | 1981-02-20 | 1600.00 |  300.00 |     30 |
|  7521 | WARD   | SALESMAN  | 7698 | 1981-02-22 | 1250.00 |  500.00 |     30 |
|  7566 | JONES  | MANAGER   | 7839 | 1981-04-02 | 2975.00 |    NULL |     20 |
|  7654 | MARTIN | SALESMAN  | 7698 | 1981-09-28 | 1250.00 | 1400.00 |     30 |
|  7698 | BLAKE  | MANAGER   | 7839 | 1981-05-01 | 2850.00 |    NULL |     30 |
|  7782 | CLARK  | MANAGER   | 7839 | 1981-06-09 | 2450.00 |    NULL |     10 |
|  7788 | SCOTT  | ANALYST   | 7566 | 1982-12-09 | 3000.00 |    NULL |     20 |
|  7839 | KING   | PRESIDENT | NULL | 1981-11-17 | 5000.00 |    NULL |     10 |
|  7844 | TURNER | SALESMAN  | 7698 | 1981-09-08 | 1500.00 |    0.00 |     30 |
|  7876 | ADAMS  | CLERK     | 7788 | 1983-01-12 | 1100.00 |    NULL |     20 |
|  7900 | JAMES  | CLERK     | 7698 | 1981-12-03 |  950.00 |    NULL |     30 |
|  7902 | FORD   | ANALYST   | 7566 | 1981-12-03 | 3000.00 |    NULL |     20 |
|  7934 | MILLER | CLERK     | 7782 | 1982-01-23 | 1300.00 |    NULL |     10 |
+-------+--------+-----------+------+------------+---------+---------+--------+
14 rows in set (0.00 sec)

mysql> select*,sal*12 'Annual_salary' from emp
    -> where job not in('ANALYST','MANAGER');
+-------+--------+-----------+------+------------+---------+---------+--------+---------------+
| empno | ename  | job       | mgr  | hiredate   | sal     | comm    | deptno | Annual_salary |
+-------+--------+-----------+------+------------+---------+---------+--------+---------------+
|  7369 | SMITH  | CLERK     | 7902 | 1980-12-17 |  800.00 |    NULL |     20 |       9600.00 |
|  7499 | ALLEN  | SALESMAN  | 7698 | 1981-02-20 | 1600.00 |  300.00 |     30 |      19200.00 |
|  7521 | WARD   | SALESMAN  | 7698 | 1981-02-22 | 1250.00 |  500.00 |     30 |      15000.00 |
|  7654 | MARTIN | SALESMAN  | 7698 | 1981-09-28 | 1250.00 | 1400.00 |     30 |      15000.00 |
|  7839 | KING   | PRESIDENT | NULL | 1981-11-17 | 5000.00 |    NULL |     10 |      60000.00 |
|  7844 | TURNER | SALESMAN  | 7698 | 1981-09-08 | 1500.00 |    0.00 |     30 |      18000.00 |
|  7876 | ADAMS  | CLERK     | 7788 | 1983-01-12 | 1100.00 |    NULL |     20 |      13200.00 |
|  7900 | JAMES  | CLERK     | 7698 | 1981-12-03 |  950.00 |    NULL |     30 |      11400.00 |
|  7934 | MILLER | CLERK     | 7782 | 1982-01-23 | 1300.00 |    NULL |     10 |      15600.00 |
+-------+--------+-----------+------+------------+---------+---------+--------+---------------+
9 rows in set (0.04 sec)

mysql> select* from emp
    -> where hiredate >1981 between <1987;
ERROR 1064 (42000): You have an error in your SQL syntax; check the manual that corresponds to your MySQL server version for the right syntax to use near '<1987' at line 2
mysql> select* from emp
    -> where hiredate >1981-02-20 between <1987-01-01;
ERROR 1064 (42000): You have an error in your SQL syntax; check the manual that corresponds to your MySQL server version for the right syntax to use near '<1987-01-01' at line 2
mysql> select ename from emp
    -> where hiredate 1981-12-31 and 1987-01-01;
ERROR 1064 (42000): You have an error in your SQL syntax; check the manual that corresponds to your MySQL server version for the right syntax to use near '1981-12-31 and 1987-01-01' at line 2
mysql> select ename from emp
    -> where hiredate >'1981-12-31' and <'1987-01-01';
ERROR 1064 (42000): You have an error in your SQL syntax; check the manual that corresponds to your MySQL server version for the right syntax to use near '<'1987-01-01'' at line 2
mysql> SELECT ename FROM emp
    -> WHERE hiredate BETWEEN '1981-12-31' AND '1987-01-01';
+--------+
| ename  |
+--------+
| SCOTT  |
| ADAMS  |
| MILLER |
+--------+
3 rows in set (0.04 sec)

mysql> SELECT ename FROM emp
    -> WHERE hiredate between '1981-12-31' and '1987-01-01';
+--------+
| ename  |
+--------+
| SCOTT  |
| ADAMS  |
| MILLER |
+--------+
3 rows in set (0.00 sec)

mysql> SELECT ename,hiredate FROM emp
    -> WHERE hiredate >'1981-12-311-1'and hiredate < '1987-01-01;
    '> ^C
mysql> SELECT ename,hiredate FROM emp
    -> WHERE hiredate >'1981-12-311-1'and hiredate < '1987-01-01;
    '> ^C
mysql> SELECT ename,hiredate FROM emp
    -> WHERE hiredate >'1981-12-31'and hiredate < '1987-01-01;01;
    '> ^C
mysql> SELECT ename,hiredate FROM emp
    -> WHERE hiredate >'1981-12-31'and hiredate < '1987-01-01';
+--------+------------+
| ename  | hiredate   |
+--------+------------+
| SCOTT  | 1982-12-09 |
| ADAMS  | 1983-01-12 |
| MILLER | 1982-01-23 |
+--------+------------+
3 rows in set (0.05 sec)

mysql> SELECT ename,hiredate FROM emp
    -> where hiredate between '1975-12-31' and '1987-01-01';
+--------+------------+
| ename  | hiredate   |
+--------+------------+
| SMITH  | 1980-12-17 |
| ALLEN  | 1981-02-20 |
| WARD   | 1981-02-22 |
| JONES  | 1981-04-02 |
| MARTIN | 1981-09-28 |
| BLAKE  | 1981-05-01 |
| CLARK  | 1981-06-09 |
| SCOTT  | 1982-12-09 |
| KING   | 1981-11-17 |
| TURNER | 1981-09-08 |
| ADAMS  | 1983-01-12 |
| JAMES  | 1981-12-03 |
| FORD   | 1981-12-03 |
| MILLER | 1982-01-23 |
+--------+------------+
14 rows in set (0.00 sec)

mysql> SELECT count(*) from emp
    -> where sal<2000 and deptno=10;
+----------+
| count(*) |
+----------+
|        1 |
+----------+
1 row in set (0.03 sec)

mysql> SELECT ename,count(*) from emp
    -> where sal<2000 and deptno=10;
ERROR 1140 (42000): In aggregated query without GROUP BY, expression #1 of SELECT list contains nonaggregated column 'info.emp.ename'; this is incompatible with sql_mode=only_full_group_by
mysql> SELECT count(*) from emp
    -> where sal<2000 and deptno=10;
+----------+
| count(*) |
+----------+
|        1 |
+----------+
1 row in set (0.00 sec)

mysql> SELECT sum(sal) from emp
    -> where job='clerk';
+----------+
| sum(sal) |
+----------+
|  4150.00 |
+----------+
1 row in set (0.00 sec)

mysql> SELECT sum(sal),ename from emp
    -> where job='clerk';
ERROR 1140 (42000): In aggregated query without GROUP BY, expression #2 of SELECT list contains nonaggregated column 'info.emp.ename'; this is incompatible with sql_mode=only_full_group_by
mysql> SELECT count(*) from emp
    -> where job='clerk'
    -> group by ename;
+----------+
| count(*) |
+----------+
|        1 |
|        1 |
|        1 |
|        1 |
+----------+
4 rows in set (0.00 sec)

mysql> SELECT sum(sal) from emp
    -> where job='clerk'
    -> group by ename;
+----------+
| sum(sal) |
+----------+
|   800.00 |
|  1100.00 |
|   950.00 |
|  1300.00 |
+----------+
4 rows in set (0.00 sec)

mysql> SELECT sum(sal) from emp
    -> group by ename;
+----------+
| sum(sal) |
+----------+
|   800.00 |
|  1600.00 |
|  1250.00 |
|  2975.00 |
|  1250.00 |
|  2850.00 |
|  2450.00 |
|  3000.00 |
|  5000.00 |
|  1500.00 |
|  1100.00 |
|   950.00 |
|  3000.00 |
|  1300.00 |
+----------+
14 rows in set (0.00 sec)

mysql> SELECT ename, sal
    -> FROM emp
    -> WHERE job = 'clerk';
+--------+---------+
| ename  | sal     |
+--------+---------+
| SMITH  |  800.00 |
| ADAMS  | 1100.00 |
| JAMES  |  950.00 |
| MILLER | 1300.00 |
+--------+---------+
4 rows in set (0.00 sec)

mysql> SELECT ename, SUM(sal)
    -> FROM emp
    -> WHERE job = 'clerk'
    -> GROUP BY ename;
+--------+----------+
| ename  | SUM(sal) |
+--------+----------+
| SMITH  |   800.00 |
| ADAMS  |  1100.00 |
| JAMES  |   950.00 |
| MILLER |  1300.00 |
+--------+----------+
4 rows in set (0.00 sec)

mysql> select avg(sal)
    -> from emp;
+-------------+
| avg(sal)    |
+-------------+
| 2073.214286 |
+-------------+
1 row in set (0.03 sec)

mysql> select max(sal),avg(sal)
    -> from emp
    -> where job='president';
+----------+-------------+
| max(sal) | avg(sal)    |
+----------+-------------+
|  5000.00 | 5000.000000 |
+----------+-------------+
1 row in set (0.03 sec)

mysql> select max(sal),avg(sal),count(*),sum(sal) from emp
    -> where job='president';
+----------+-------------+----------+----------+
| max(sal) | avg(sal)    | count(*) | sum(sal) |
+----------+-------------+----------+----------+
|  5000.00 | 5000.000000 |        1 |  5000.00 |
+----------+-------------+----------+----------+
1 row in set (0.00 sec)

mysql> select ename,job count(*) as no_of_emps
    -> from emp
    -> group by ename,job;
ERROR 1064 (42000): You have an error in your SQL syntax; check the manual that corresponds to your MySQL server version for the right syntax to use near 'count(*) as no_of_emps
from emp
group by ename,job' at line 1
mysql> select ename,job,count(*) as no_of_emps
    -> from emp
    -> group by ename,job;
+--------+-----------+------------+
| ename  | job       | no_of_emps |
+--------+-----------+------------+
| SMITH  | CLERK     |          1 |
| ALLEN  | SALESMAN  |          1 |
| WARD   | SALESMAN  |          1 |
| JONES  | MANAGER   |          1 |
| MARTIN | SALESMAN  |          1 |
| BLAKE  | MANAGER   |          1 |
| CLARK  | MANAGER   |          1 |
| SCOTT  | ANALYST   |          1 |
| KING   | PRESIDENT |          1 |
| TURNER | SALESMAN  |          1 |
| ADAMS  | CLERK     |          1 |
| JAMES  | CLERK     |          1 |
| FORD   | ANALYST   |          1 |
| MILLER | CLERK     |          1 |
+--------+-----------+------------+
14 rows in set (0.00 sec)

mysql> select ename,job count(*) as no_of_emps
    -> from emp
    -> where job='salesman'
    -> group by ename,job;
ERROR 1064 (42000): You have an error in your SQL syntax; check the manual that corresponds to your MySQL server version for the right syntax to use near 'count(*) as no_of_emps
from emp
where job='salesman'
group by ename,job' at line 1
mysql> select avg(sal)
    -> from emp
    -> group by job;
+-------------+
| avg(sal)    |
+-------------+
| 1037.500000 |
| 1400.000000 |
| 2758.333333 |
| 3000.000000 |
| 5000.000000 |
+-------------+
5 rows in set (0.00 sec)

mysql> select ename,job count(*) as no_of_emps
    -> from emp
    -> where job='SALESMAN'
    -> group by ename,job;
ERROR 1064 (42000): You have an error in your SQL syntax; check the manual that corresponds to your MySQL server version for the right syntax to use near 'count(*) as no_of_emps
from emp
where job='SALESMAN'
group by ename,job' at line 1
mysql> select job count(*) as no_of_emps
    -> from emp
    -> group by job;
ERROR 1064 (42000): You have an error in your SQL syntax; check the manual that corresponds to your MySQL server version for the right syntax to use near 'count(*) as no_of_emps
from emp
group by job' at line 1
mysql> select job count(*) as no_of_emps from emp
    -> group by job;
ERROR 1064 (42000): You have an error in your SQL syntax; check the manual that corresponds to your MySQL server version for the right syntax to use near 'count(*) as no_of_emps from emp
group by job' at line 1
mysql> select job,count(*) as no_of_emps from emp
    -> group by job;
+-----------+------------+
| job       | no_of_emps |
+-----------+------------+
| CLERK     |          4 |
| SALESMAN  |          4 |
| MANAGER   |          3 |
| ANALYST   |          2 |
| PRESIDENT |          1 |
+-----------+------------+
5 rows in set (0.00 sec)

mysql> select avg(sal) as MGR from emp
    -> where job='MANAGER'
    -> group by sal;
+-------------+
| MGR         |
+-------------+
| 2975.000000 |
| 2850.000000 |
| 2450.000000 |
+-------------+
3 rows in set (0.00 sec)

mysql> select sum(comm) from emp
    -> where job = 'SALESMAN'
    -> group by comm;
+-----------+
| sum(comm) |
+-----------+
|    300.00 |
|    500.00 |
|   1400.00 |
|      0.00 |
+-----------+
4 rows in set (0.00 sec)

mysql> select count(*) from emp
    -> where ;
ERROR 1064 (42000): You have an error in your SQL syntax; check the manual that corresponds to your MySQL server version for the right syntax to use near '' at line 2
mysql> select hiredate,count(*) from emp
    -> group by hiredate;
+------------+----------+
| hiredate   | count(*) |
+------------+----------+
| 1980-12-17 |        1 |
| 1981-02-20 |        1 |
| 1981-02-22 |        1 |
| 1981-04-02 |        1 |
| 1981-09-28 |        1 |
| 1981-05-01 |        1 |
| 1981-06-09 |        1 |
| 1982-12-09 |        1 |
| 1981-11-17 |        1 |
| 1981-09-08 |        1 |
| 1983-01-12 |        1 |
| 1981-12-03 |        2 |
| 1982-01-23 |        1 |
+------------+----------+
13 rows in set (0.00 sec)

mysql> select sum(sal) from emp
    -> group by job
    -> having sum(sal)>5000;
+----------+
| sum(sal) |
+----------+
|  5600.00 |
|  8275.00 |
|  6000.00 |
+----------+
3 rows in set (0.02 sec)

mysql> select count(*),deptno from emp
    -> where job='clerk'
    -> group by deptno
    -> having count(*)>=2;
+----------+--------+
| count(*) | deptno |
+----------+--------+
|        2 |     20 |
+----------+--------+
1 row in set (0.00 sec)

mysql> select avg(sal) from emp
    -> group by deptno
    -> having avg(sal)>2000;
+-------------+
| avg(sal)    |
+-------------+
| 2175.000000 |
| 2916.666667 |
+-------------+
2 rows in set (0.00 sec)

mysql> select deptno,avg(sal) from emp
    -> group by deptno
    -> having avg(sal)>2000;
+--------+-------------+
| deptno | avg(sal)    |
+--------+-------------+
|     20 | 2175.000000 |
|     10 | 2916.666667 |
+--------+-------------+
2 rows in set (0.00 sec)

mysql> select count(*) from emp
    -> where job='MANAGER'
    -> group by job
    -> having count(*)>=2;
+----------+
| count(*) |
+----------+
|        3 |
+----------+
1 row in set (0.03 sec)

mysql> select job,count(*) from emp
    -> group by job
    -> where job='MANAGER'
    -> having count(*)>=2;
ERROR 1064 (42000): You have an error in your SQL syntax; check the manual that corresponds to your MySQL server version for the right syntax to use near 'where job='MANAGER'
having count(*)>=2' at line 3
mysql> select job,count(*) from emp
    -> where job='MANAGER'
    -> group by job
    -> having count(*)>=2;
+---------+----------+
| job     | count(*) |
+---------+----------+
| MANAGER |        3 |
+---------+----------+
1 row in set (0.00 sec)

mysql> select sum(comm) from emp
    -> group by job
    -> having sum(comm)>1000;
+-----------+
| sum(comm) |
+-----------+
|   2200.00 |
+-----------+
1 row in set (0.00 sec)

mysql> select job,sum(comm) from emp
    -> group by job
    -> having sum(comm)>1000;
+----------+-----------+
| job      | sum(comm) |
+----------+-----------+
| SALESMAN |   2200.00 |
+----------+-----------+
1 row in set (0.00 sec)

mysql> select mgr,job,count(*) from emp
    -> where job='MANAGER'
    -> group by job
    -> having count(*)>=2;
ERROR 1055 (42000): Expression #1 of SELECT list is not in GROUP BY clause and contains nonaggregated column 'info.emp.mgr' which is not functionally dependent on columns in GROUP BY clause; this is incompatible with sql_mode=only_full_group_by
mysql> select mgr,job,count(*) from emp
    -> where job='MANAGER'
    -> group by mgr,job
    -> having count(*)>=2;
+------+---------+----------+
| mgr  | job     | count(*) |
+------+---------+----------+
| 7839 | MANAGER |        3 |
+------+---------+----------+
1 row in set (0.00 sec)

mysql> select mgr,job,count(*),ename from emp
    -> where job='MANAGER'
    -> group by mgr,job
    -> having count(*)>=2;
ERROR 1055 (42000): Expression #4 of SELECT list is not in GROUP BY clause and contains nonaggregated column 'info.emp.ename' which is not functionally dependent on columns in GROUP BY clause; this is incompatible with sql_mode=only_full_group_by
mysql> select mgr,ename,job,count(*) from emp
    -> where job='MANAGER'
    -> group by mgr,job
    -> having count(*)>=2;
ERROR 1055 (42000): Expression #2 of SELECT list is not in GROUP BY clause and contains nonaggregated column 'info.emp.ename' which is not functionally dependent on columns in GROUP BY clause; this is incompatible with sql_mode=only_full_group_by
mysql> select ename,mgr,job,count(*) from emp
    -> where job='MANAGER'
    -> group by mgr,job
    -> ;
ERROR 1055 (42000): Expression #1 of SELECT list is not in GROUP BY clause and contains nonaggregated column 'info.emp.ename' which is not functionally dependent on columns in GROUP BY clause; this is incompatible with sql_mode=only_full_group_by
mysql> select ename,mgr,job,count(*) from emp
    -> where job='MANAGER'
    -> group by ename,mgr,job
    -> having count(*)>=2;
Empty set (0.00 sec)

mysql>